<?xml version="1.0" encoding="UTF-8"?><Bioseq-set><Bioseq-set_seq-set><Seq-entry><Seq-entry_set><Bioseq-set><Bioseq-set_class value="nuc-prot"></Bioseq-set_class><Bioseq-set_descr><Seq-descr><Seqdesc><Seqdesc_source><BioSource><BioSource_org><Org-ref><Org-ref_taxname>Dengue virus 2</Org-ref_taxname><Org-ref_db><Dbtag><Dbtag_db>taxon</Dbtag_db><Dbtag_tag><Object-id><Object-id_id>11060</Object-id_id></Object-id></Dbtag_tag></Dbtag></Org-ref_db><Org-ref_orgname><OrgName><OrgName_name><OrgName_name_virus>Dengue virus</OrgName_name_virus></OrgName_name><OrgName_mod><OrgMod><OrgMod_subtype value="type">4</OrgMod_subtype><OrgMod_subname>2</OrgMod_subname></OrgMod><OrgMod><OrgMod_subtype value="isolate">17</OrgMod_subtype><OrgMod_subname>DENV-2/US/BID-V1163/1986</OrgMod_subname></OrgMod><OrgMod><OrgMod_subtype value="nat-host">21</OrgMod_subtype><OrgMod_subname>Homo sapiens</OrgMod_subname></OrgMod><OrgMod><OrgMod_subtype value="old-name">254</OrgMod_subtype><OrgMod_subname>Dengue virus type 2</OrgMod_subname></OrgMod></OrgName_mod><OrgName_lineage>Viruses; ssRNA viruses; ssRNA positive-strand viruses, no DNA stage; Flaviviridae; Flavivirus; Dengue virus group</OrgName_lineage><OrgName_gcode>1</OrgName_gcode><OrgName_div>VRL</OrgName_div></OrgName></Org-ref_orgname></Org-ref></BioSource_org><BioSource_subtype><SubSource><SubSource_subtype value="country">23</SubSource_subtype><SubSource_name>USA: Puerto Rico</SubSource_name></SubSource><SubSource><SubSource_subtype value="isolation-source">28</SubSource_subtype><SubSource_name>cell supernatant</SubSource_name></SubSource><SubSource><SubSource_subtype value="collection-date">30</SubSource_subtype><SubSource_name>1986</SubSource_name></SubSource><SubSource><SubSource_subtype value="other">255</SubSource_subtype><SubSource_name>passage history: C6/36 1; cohort population: Puerto Rico</SubSource_name></SubSource></BioSource_subtype></BioSource></Seqdesc_source></Seqdesc><Seqdesc><Seqdesc_pub><Pubdesc><Pubdesc_pub><Pub-equiv><Pub><Pub_sub><Cit-sub><Cit-sub_authors><Auth-list><Auth-list_names><Auth-list_names_std><Author><Author_name><Person-id><Person-id_name><Name-std><Name-std_last>Henn</Name-std_last><Name-std_first>Matthew</Name-std_first><Name-std_initials>M.R.</Name-std_initials></Name-std></Person-id_name></Person-id></Author_name></Author><Author><Author_name><Person-id><Person-id_name><Name-std><Name-std_last>McElroy</Name-std_last><Name-std_first>Kate</Name-std_first><Name-std_initials>K.L.</Name-std_initials></Name-std></Person-id_name></Person-id></Author_name></Author><Author><Author_name><Person-id><Person-id_name><Name-std><Name-std_last>Santiago</Name-std_last><Name-std_first>Gilberto</Name-std_first><Name-std_initials>G.</Name-std_initials></Name-std></Person-id_name></Person-id></Author_name></Author><Author><Author_name><Person-id><Person-id_name><Name-std><Name-std_last>Young</Name-std_last><Name-std_first>Sarah</Name-std_first><Name-std_initials>S.</Name-std_initials></Name-std></Person-id_name></Person-id></Author_name></Author><Author><Author_name><Person-id><Person-id_name><Name-std><Name-std_last>Kodira</Name-std_last><Name-std_first>Chinnappa</Name-std_first><Name-std_initials>C.</Name-std_initials></Name-std></Person-id_name></Person-id></Author_name></Author><Author><Author_name><Person-id><Person-id_name><Name-std><Name-std_last>Koehrsen</Name-std_last><Name-std_first>Michael</Name-std_first><Name-std_initials>M.</Name-std_initials></Name-std></Person-id_name></Person-id></Author_name></Author><Author><Author_name><Person-id><Person-id_name><Name-std><Name-std_last>Jaffe</Name-std_last><Name-std_first>David</Name-std_first><Name-std_initials>D.</Name-std_initials></Name-std></Person-id_name></Person-id></Author_name></Author><Author><Author_name><Person-id><Person-id_name><Name-std><Name-std_last>Young</Name-std_last><Name-std_first>Sara</Name-std_first><Name-std_initials>S.</Name-std_initials></Name-std></Person-id_name></Person-id></Author_name></Author><Author><Author_name><Person-id><Person-id_name><Name-std><Name-std_last>Berlin</Name-std_last><Name-std_first>Aaron</Name-std_first><Name-std_initials>A.</Name-std_initials></Name-std></Person-id_name></Person-id></Author_name></Author><Author><Author_name><Person-id><Person-id_name><Name-std><Name-std_last>Heiman</Name-std_last><Name-std_first>David</Name-std_first><Name-std_initials>D.</Name-std_initials></Name-std></Person-id_name></Person-id></Author_name></Author><Author><Author_name><Person-id><Person-id_name><Name-std><Name-std_last>Hepburn</Name-std_last><Name-std_first>Theresa</Name-std_first><Name-std_initials>T.</Name-std_initials></Name-std></Person-id_name></Person-id></Author_name></Author><Author><Author_name><Person-id><Person-id_name><Name-std><Name-std_last>Sykes</Name-std_last><Name-std_first>Sean</Name-std_first><Name-std_initials>S.</Name-std_initials></Name-std></Person-id_name></Person-id></Author_name></Author><Author><Author_name><Person-id><Person-id_name><Name-std><Name-std_last>Borenstein</Name-std_last><Name-std_first>David</Name-std_first><Name-std_initials>D.</Name-std_initials></Name-std></Person-id_name></Person-id></Author_name></Author><Author><Author_name><Person-id><Person-id_name><Name-std><Name-std_last>Crawford</Name-std_last><Name-std_first>Matthew</Name-std_first><Name-std_initials>M.</Name-std_initials></Name-std></Person-id_name></Person-id></Author_name></Author><Author><Author_name><Person-id><Person-id_name><Name-std><Name-std_last>Engels</Name-std_last><Name-std_first>Reinhard</Name-std_first><Name-std_initials>R.</Name-std_initials></Name-std></Person-id_name></Person-id></Author_name></Author><Author><Author_name><Person-id><Person-id_name><Name-std><Name-std_last>Freedman</Name-std_last><Name-std_first>Edward</Name-std_first><Name-std_initials>E.</Name-std_initials></Name-std></Person-id_name></Person-id></Author_name></Author><Author><Author_name><Person-id><Person-id_name><Name-std><Name-std_last>Howarth</Name-std_last><Name-std_first>Clint</Name-std_first><Name-std_initials>C.</Name-std_initials></Name-std></Person-id_name></Person-id></Author_name></Author><Author><Author_name><Person-id><Person-id_name><Name-std><Name-std_last>Jen</Name-std_last><Name-std_first>Dennis</Name-std_first><Name-std_initials>D.</Name-std_initials></Name-std></Person-id_name></Person-id></Author_name></Author><Author><Author_name><Person-id><Person-id_name><Name-std><Name-std_last>Larson</Name-std_last><Name-std_first>Lisa</Name-std_first><Name-std_initials>L.</Name-std_initials></Name-std></Person-id_name></Person-id></Author_name></Author><Author><Author_name><Person-id><Person-id_name><Name-std><Name-std_last>Ledlie</Name-std_last><Name-std_first>Tim</Name-std_first><Name-std_initials>T.</Name-std_initials></Name-std></Person-id_name></Person-id></Author_name></Author><Author><Author_name><Person-id><Person-id_name><Name-std><Name-std_last>Lewis</Name-std_last><Name-std_first>Bil</Name-std_first><Name-std_initials>B.</Name-std_initials></Name-std></Person-id_name></Person-id></Author_name></Author><Author><Author_name><Person-id><Person-id_name><Name-std><Name-std_last>Montgomery</Name-std_last><Name-std_first>Philip</Name-std_first><Name-std_initials>P.</Name-std_initials></Name-std></Person-id_name></Person-id></Author_name></Author><Author><Author_name><Person-id><Person-id_name><Name-std><Name-std_last>Park</Name-std_last><Name-std_first>Daniel</Name-std_first><Name-std_initials>D.</Name-std_initials></Name-std></Person-id_name></Person-id></Author_name></Author><Author><Author_name><Person-id><Person-id_name><Name-std><Name-std_last>Pearson</Name-std_last><Name-std_first>Matthew</Name-std_first><Name-std_initials>M.</Name-std_initials></Name-std></Person-id_name></Person-id></Author_name></Author><Author><Author_name><Person-id><Person-id_name><Name-std><Name-std_last>Roberts</Name-std_last><Name-std_first>Andrew</Name-std_first><Name-std_initials>A.</Name-std_initials></Name-std></Person-id_name></Person-id></Author_name></Author><Author><Author_name><Person-id><Person-id_name><Name-std><Name-std_last>Sisk</Name-std_last><Name-std_first>Peter</Name-std_first><Name-std_initials>P.</Name-std_initials></Name-std></Person-id_name></Person-id></Author_name></Author><Author><Author_name><Person-id><Person-id_name><Name-std><Name-std_last>Stolte</Name-std_last><Name-std_first>Christian</Name-std_first><Name-std_initials>C.</Name-std_initials></Name-std></Person-id_name></Person-id></Author_name></Author><Author><Author_name><Person-id><Person-id_name><Name-std><Name-std_last>White</Name-std_last><Name-std_first>Jared</Name-std_first><Name-std_initials>J.</Name-std_initials></Name-std></Person-id_name></Person-id></Author_name></Author><Author><Author_name><Person-id><Person-id_name><Name-std><Name-std_last>Zeng</Name-std_last><Name-std_first>Qiandong</Name-std_first><Name-std_initials>Q.</Name-std_initials></Name-std></Person-id_name></Person-id></Author_name></Author><Author><Author_name><Person-id><Person-id_name><Name-std><Name-std_last>Yandava</Name-std_last><Name-std_first>Chandri</Name-std_first><Name-std_initials>C.</Name-std_initials></Name-std></Person-id_name></Person-id></Author_name></Author><Author><Author_name><Person-id><Person-id_name><Name-std><Name-std_last>Oleary</Name-std_last><Name-std_first>Sinead</Name-std_first><Name-std_initials>S.</Name-std_initials></Name-std></Person-id_name></Person-id></Author_name></Author><Author><Author_name><Person-id><Person-id_name><Name-std><Name-std_last>Alvarado</Name-std_last><Name-std_first>Lucia</Name-std_first><Name-std_initials>L.</Name-std_initials></Name-std></Person-id_name></Person-id></Author_name></Author><Author><Author_name><Person-id><Person-id_name><Name-std><Name-std_last>Alvarez</Name-std_last><Name-std_first>Pablo</Name-std_first><Name-std_initials>P.</Name-std_initials></Name-std></Person-id_name></Person-id></Author_name></Author><Author><Author_name><Person-id><Person-id_name><Name-std><Name-std_last>Brockman</Name-std_last><Name-std_first>William</Name-std_first><Name-std_initials>W.</Name-std_initials></Name-std></Person-id_name></Person-id></Author_name></Author><Author><Author_name><Person-id><Person-id_name><Name-std><Name-std_last>Butler</Name-std_last><Name-std_first>Jonalthan</Name-std_first><Name-std_initials>J.</Name-std_initials></Name-std></Person-id_name></Person-id></Author_name></Author><Author><Author_name><Person-id><Person-id_name><Name-std><Name-std_last>Gnerre</Name-std_last><Name-std_first>Sante</Name-std_first><Name-std_initials>S.</Name-std_initials></Name-std></Person-id_name></Person-id></Author_name></Author><Author><Author_name><Person-id><Person-id_name><Name-std><Name-std_last>Grabherr</Name-std_last><Name-std_first>Manfred</Name-std_first><Name-std_initials>M.</Name-std_initials></Name-std></Person-id_name></Person-id></Author_name></Author><Author><Author_name><Person-id><Person-id_name><Name-std><Name-std_last>Kleber</Name-std_last><Name-std_first>Michael</Name-std_first><Name-std_initials>M.</Name-std_initials></Name-std></Person-id_name></Person-id></Author_name></Author><Author><Author_name><Person-id><Person-id_name><Name-std><Name-std_last>Mauceli</Name-std_last><Name-std_first>Evan</Name-std_first><Name-std_initials>E.</Name-std_initials></Name-std></Person-id_name></Person-id></Author_name></Author><Author><Author_name><Person-id><Person-id_name><Name-std><Name-std_last>MacCallum</Name-std_last><Name-std_first>Iain</Name-std_first><Name-std_initials>I.</Name-std_initials></Name-std></Person-id_name></Person-id></Author_name></Author><Author><Author_name><Person-id><Person-id_name><Name-std><Name-std_last>Lander</Name-std_last><Name-std_first>Eric</Name-std_first><Name-std_initials>E.</Name-std_initials></Name-std></Person-id_name></Person-id></Author_name></Author><Author><Author_name><Person-id><Person-id_name><Name-std><Name-std_last>Galagan</Name-std_last><Name-std_first>James</Name-std_first><Name-std_initials>J.</Name-std_initials></Name-std></Person-id_name></Person-id></Author_name></Author><Author><Author_name><Person-id><Person-id_name><Name-std><Name-std_last>Nusbaum</Name-std_last><Name-std_first>Chad</Name-std_first><Name-std_initials>C.</Name-std_initials></Name-std></Person-id_name></Person-id></Author_name></Author><Author><Author_name><Person-id><Person-id_name><Name-std><Name-std_last>Munoz-Jordan</Name-std_last><Name-std_first>Jorge</Name-std_first><Name-std_initials>J.</Name-std_initials></Name-std></Person-id_name></Person-id></Author_name></Author><Author><Author_name><Person-id><Person-id_name><Name-std><Name-std_last>Birren</Name-std_last><Name-std_first>Bruce</Name-std_first><Name-std_initials>B.</Name-std_initials></Name-std></Person-id_name></Person-id></Author_name></Author><Author><Author_name><Person-id><Person-id_consortium>Broad Institute Genome Sequencing Platform</Person-id_consortium></Person-id></Author_name></Author><Author><Author_name><Person-id><Person-id_consortium>Broad Institute Microbial Sequencing Center</Person-id_consortium></Person-id></Author_name></Author><Author><Author_name><Person-id><Person-id_consortium>Genome Resources in Dengue Consortium</Person-id_consortium></Person-id></Author_name></Author><Author><Author_name><Person-id><Person-id_consortium>Centers for Disease Control and Prevention Division of Vector Borne Infectious Diseases</Person-id_consortium></Person-id></Author_name></Author><Author><Author_name><Person-id><Person-id_consortium>CDC Dengue Branch Puerto Rico</Person-id_consortium></Person-id></Author_name></Author></Auth-list_names_std></Auth-list_names><Auth-list_affil><Affil><Affil_std><Affil_std_affil>Broad Institute of MIT and Harvard</Affil_std_affil><Affil_std_city>Cambridge</Affil_std_city><Affil_std_sub>MA</Affil_std_sub><Affil_std_country>USA</Affil_std_country><Affil_std_street>320 Charles Street</Affil_std_street><Affil_std_postal-code>02141</Affil_std_postal-code></Affil_std></Affil></Auth-list_affil></Auth-list></Cit-sub_authors><Cit-sub_medium value="other"></Cit-sub_medium><Cit-sub_date><Date><Date_std><Date-std><Date-std_year>2008</Date-std_year><Date-std_month>3</Date-std_month><Date-std_day>13</Date-std_day></Date-std></Date_std></Date></Cit-sub_date></Cit-sub></Pub_sub></Pub></Pub-equiv></Pubdesc_pub></Pubdesc></Seqdesc_pub></Seqdesc><Seqdesc><Seqdesc_user><User-object><User-object_type><Object-id><Object-id_str>DBLink</Object-id_str></Object-id></User-object_type><User-object_data><User-field><User-field_label><Object-id><Object-id_str>BioProject</Object-id_str></Object-id></User-field_label><User-field_num>1</User-field_num><User-field_data><User-field_data_strs><User-field_data_strs_E>PRJNA31235</User-field_data_strs_E></User-field_data_strs></User-field_data></User-field></User-object_data></User-object></Seqdesc_user></Seqdesc><Seqdesc><Seqdesc_update-date><Date><Date_std><Date-std><Date-std_year>2009</Date-std_year><Date-std_month>5</Date-std_month><Date-std_day>21</Date-std_day></Date-std></Date_std></Date></Seqdesc_update-date></Seqdesc></Seq-descr></Bioseq-set_descr><Bioseq-set_seq-set><Seq-entry><Seq-entry_seq><Bioseq><Bioseq_id><Seq-id><Seq-id_general><Dbtag><Dbtag_db>broad-virus</Dbtag_db><Dbtag_tag><Object-id><Object-id_str>Dengue-2_BID_V1163</Object-id_str></Object-id></Dbtag_tag></Dbtag></Seq-id_general></Seq-id><Seq-id><Seq-id_genbank><Textseq-id><Textseq-id_accession>EU569704</Textseq-id_accession><Textseq-id_version>1</Textseq-id_version></Textseq-id></Seq-id_genbank></Seq-id><Seq-id><Seq-id_gi>170665977</Seq-id_gi></Seq-id></Bioseq_id><Bioseq_descr><Seq-descr><Seqdesc><Seqdesc_title>Dengue virus 2 isolate DENV-2/US/BID-V1163/1986, complete genome.</Seqdesc_title></Seqdesc><Seqdesc><Seqdesc_molinfo><MolInfo><MolInfo_biomol value="genomic">1</MolInfo_biomol><MolInfo_completeness value="complete">1</MolInfo_completeness></MolInfo></Seqdesc_molinfo></Seqdesc><Seqdesc><Seqdesc_create-date><Date><Date_std><Date-std><Date-std_year>2008</Date-std_year><Date-std_month>3</Date-std_month><Date-std_day>26</Date-std_day></Date-std></Date_std></Date></Seqdesc_create-date></Seqdesc></Seq-descr></Bioseq_descr><Bioseq_inst><Seq-inst><Seq-inst_repr value="raw"></Seq-inst_repr><Seq-inst_mol value="rna"></Seq-inst_mol><Seq-inst_length>10668</Seq-inst_length><Seq-inst_strand value="ss"></Seq-inst_strand><Seq-inst_seq-data><Seq-data><Seq-data_iupacna><IUPACna>ATTCTTTGAGGGAGCTAAGCTCAACGTAGTTCTAACAGTTTTTTAATTAGAGAGCAGATCTCTGATGAACAACCAACGAAAAAAGGCGAGAAGTACGCCTTTCAATATGCTGAAACGCGAGAGAAACCGCGTGTCAACTGTGCAACAGCTGACAAAGAGATTCTCACTTGGAATGCTGCAAGGACGAGGACCATTAAAACTGTTCATGGCCCTTGTGGCGTTCCTTCGTTTCCTAACAATCCCACCAACAGCAGGGATACTGAAAAGATGGGGAACGATCAAAAAATCAAAAGCTATCAATGTTTTGAGAGGGTTCAGGAAAGAGATTGGAAGGATGCTGAACATCTTGAACAGGAGACGCAGGACAGCAGGCGTGATTATTATGTTGATTCCAACAGCGATGGCGTTCCATTTAACCACACGTAATGGAGAACCACACATGATCGTTGGTAGGCAAGAGAAAGGGAAAAGTCTTCTGTTCAAAACAGAGGATGGTGTTAACATGTGTACCCTCATGGCCATAGACCTTGGTGAATTGTGTGAAGATACAATCACGTACAAGTGTCCCCTCCTCAGGCAAAATGAACCAGAAGACATAGATTGTTGGTGCAACTCTACTTCCACATGGGTAACTTATGGGACATGTACCACCACAGGAGAACACAGAAGAGAAAAAAGATCAGTGGCACTCGTTCCACATGTGGGTATGGGACTGGAGACACGAACTGAAACATGGATGTCATCAGAAGGGGCCTGGAAACATGTTCAGAGAATTGAAACCTGGATCTTGAGACATCCAGGCTTTACCATAATGGCAGCAATCCTGGCATACACCATAGGAACGACACATTTCCAAAGGGCCTTGATTTTCATCTTACTGACAGCTGTCGCTCCTTCAATGACAATGCGTTGCATAGGAATATCAAATAGAGACTTCGTAGAAGGGGTTTCAGGAGGAAGCTGGGTTGACATAGTCTTAGAACATGGAAGTTGTGTGACGACGATGGCAAAAAATAAACCAACATTGGATTTTGAACTGATAAAAACAGAAGCCAAACAGCCTGCCACTCTAAGGAAGTACTGTATAGAAGCAAAGCTGACCAATACAACAACAGAATCTCGTTGCCCAACACAAGGGGAACCCAGTCTAAATGAAGAGCAGGACAAAAGGTTCCTCTGCAAACACTCCATGGTGGACAGAGGATGGGGAAATGGATGTGGATTATTTGGAAAGGGAGGCATTGTGACCTGTGCTATGTTTACATGCAAAAAGAACATGGAAGGAAAAGTCGTGCTGCCAGAAAATTTGGAATACACCATCGTGATAACACCTCACTCAGGAGAAGAGCACGCTGTAGGTAATGACACAGGAAAACATGGCAAGGAAATCAAAATAACACCACAGAGTTCCATCACAGAAGCAGAACTGACAGGCTATGGCACTGTCACGATGGAGTGCTCTCCGAGAACGGGCCTCGACTTCAATGAGATGGTGCTGCTGCAGATGGAAGACAAAGCTTGGCTGGTGCACAGGCAATGGTTCCTAGACCTGCCGTTACCATGGCTACCCGGAGCGGACACACAAGGATCAAATTGGATACAGAAAGAGACATTGGTCACTTTCAAAAATCCCCACGCGAAGAAACAGGATGTCGTTGTTTTAGGATCTCAAGAAGGGGCCATGCACACGGCACTCACAGGGGCCACAGAAATCCAGATGTCATCAGGAAACTTACTGTTCACAGGACATCTCAAGTGCAGGCTGAGAATGGACAAACTACAGCTCAAAGGAATGTCATACTCTATGTGTACAGGAAAGTTTAAAATTGTGAAGGAAATAGCAGAAACACAACATGGAACAATAGTTATCAGAGTACAATATGAAGGGGACGGCTCTCCATGTAAGATCCCTTTTGAGATAATGGATTTGGAAAAAAGACACGTCTTAGGTCGCCTGATTACAGTTAACCCAATCGTAACAGAAAAAGATAGCCCAGTCAACATAGAAGCAGAACCTCCATTCGGAGACAGCTACATCATCATAGGAGTAGAGCCGGGACAATTGAAACTCAATTGGTTTAAGAAGGGAAGTTCCATCGGCCAAATGTTTGAGACAACAATGAGAGGAGCGAAGAGAATGGCCATTTTAGGTGACACAGCCTGGGATTTTGGATCCCTGGGAGGAGTGTTTACATCTATAGGAAAGGCTCTCCACCAAGTTTTCGGAGCAATCTATGGGGCTGCTTTTAGTGGGGTCTCATGGACTATGAAAATCCTCATAGGAGTCATCATCACATGGATAGGAATGAATTCACGTAGCACCTCACTGTCTGTGTCACTAGTATTGGTGGGAGTCGTGACACTGTACCTGGGAGCTATGGTGCAGGCTGATAGTGGTTGCGTTGTGAGCTGGAAAAATAAAGAACTGAAATGTGGCAGCGGGATCTTCATTACAGATAACGTGCACACATGGACAGAACAATATAAGTTCCAACCAGAATCCCCTTCAAAACTAGCTTCAGCTATCCAAAAAGCTCATGAAGAGGGCATTTGTGGAATCCGCTCAGTAACAAGATTGGAGAATCTGATGTGGAAACAAATAACACCAGAATTGAATCACATTCTATCAGAAAATGAGGTAAAGTTGACCATTATGACAGGAGACATTAAAGGAATCATGCAGGCAGGAAAACGATCTTTGAGGCCCCAGCCCACTGAGCTGAAGTACTCATGGAAAACATGGGGAAAGGCGAAAATGCTCTCCACAGAGTCTCACAATCAGACCTTTCTTATTGATGGCCCTGAAACAGCAGAATGCCCCAACACAAACAGAGCTTGGAACTCGCTGGAAGTTGAAGACTATGGTTTTGGAGTTTTTACCACCAATATATGGCTAAAACTGAGAGAAAAACAGGATGTATTTTGTGACTCAAAACTCATGTCAGCGGCCATAAAAGACAACAGAGCCGTCCATGCCGATATGGGTTATTGGATAGAAAGTGCACTCAATGACACATGGAAGATGGAGAAAGCCTCTTTCATTGAAGTTAAAAGCTGCCACTGGCCAAAGTCACACACCCTCTGGAGCAATGGAGTATTGGAAAGTGAGATGATAATTCCAAAAAATTTTGCCGGGCCAGTGTCACAACACAACTACAGACCAGGCTACCACACACAAACAGCAGGACCTTGGCATCTAGGTAAGCTTGAGATGGACTTTGATTTCTGCGAAGGAACCACAGTGGTGGTGACTGAGGACTGTGGAAATAGAGGACCCTCTTTAAGAACGACCACTGCCTCTGGAAAACTCATAACAGAATGGTGCTGTCGATCCTGCACACTACCACCTCTAAGATACAGAGGTGAGGATGGATGCTGGTACGGGATGGAAATCAGACCATTGAAAGAGAAAGAGGAGAATTTGGTCAACTCCTTGGTCACAGCCGGACATGGGCAGATTGACAACTTTTCACTAGGAATCTTAGGAATGGCACTGTTCCTGGAAGAAATGCTTAGGACCCGAGTAGGAACGAAACATGCAATACTGCTAGTTGCAGTATCTTTTGTGACATTGATTACTGGGAACATGTCCTTTAGAGACCTGGGAAGAGTGATGGTTATGGTGGGCGCTACCATGACGGATGACATAGGTATGGGAGTGACTTATCTTGCCCTACTAGCAGCTTTCAAAGTTAGACCAACTTTTGCAGCTGGACTACTCTTGAGAAAACTGACCTCCAAGGAATTAATGATGGCCACCATAGGAATCGCACTCCTTTCCCAAAGCACCATACCAGAGACCATTCTTGAACTGACTGATGCGTTAGCCTTGGGCATGATGGTCCTCAAAATAGTGAGAAATATGGAAAAGTACCAATTGGCAGTGACTATCATGGCTATCTCGTGTGTCCCAAATGCAGTGATATTGCAAAACGCATGGAAGGTGAGTTGCACAATATTGGCAGCGGTGTCCGTTTCTCCACTGCTCTTAACATCCTCACAGCAGAAAGCGGATTGGATACCACTGGCATTGACGATAAAAGGTCTTAATCCAACAGCCATTTTTCTAACAACTCTTTCGAGAACCAGCAAGAAAAGGAGCTGGCCGCTAAATGAAGCTATCATGGCAGTCGGGATGGTGAGCATTTTAGCCAGTTCTCTCCTAAAGAATGACATTCCCATGACAGGTCCATTAGTGGCTGGAGGGCTCCTTACTGTGTGTTACGTGCTCACTGGACGATCGGCCGATTTGGAACTGGAGAGAGCTGCCGATGTAAAATGGGAAGATCAGGCAGAAATATCAGGAAGCAGCCCAATCCTGTCAATAACAATATCAGAAGATGGCAGCATGTCGATAAAAAATGAAGAGGAAGAACAAACACTGACCATACTCATCAGAACGGGATTGTTGGTGATCTCAGGAGTCTTTCCAGTATCGATACCAATTACGGCAGCAGCATGGTACTTGTGGGAAGTGAAGAAACAACGGGCTGGAGTATTGTGGGACGTCCCTTCACCCCCACCAGTGGGAAAAGCCGAACTGGAAGATGGAGCCTATAGAATCAAGCAAAGAGGGATTCTTGGATATTCTCAGATTGGAGCCGGAGTTTACAAAGAAGGAACATTCCATACAATGTGGCACGTCACACGTGGTGCTGTTCTGATGCATAGAGGGAAGAGGATTGAACCATCATGGGCAGACGTCAAGAAGGACCTAATATCATATGGAGGAGGCTGGAAGCTAGAAGGAGAATGGAAGGAAGGAGAGGAAGTCCAAGTCCTGGCGTTGGAACCTGGAAAAAATCCAAGAGCCGTCCAAACGAAACCTGGACTTTTCAAAACCAACACCGGAACCATAGGCGCCGTATCTCTGGACTTTTCCCCTGGAACGTCAGGATCTCCAATTGTCGACAGAAAAGGAAAAGTTGTGGGTCTTTACGGTAATGGTGTTGTCACAAGGAGTGGAGCATATGTGAGTGCTATAGCCCAGACCGAAAAAAGCATTGAAGACAATCCAGAGATCGAAGATGACATTTTCCGAAAGAAAAGATTGACCATCATGGACCTCCATCCAGGAGCAGGAAAGACAAAAAGATACCTTCCAGCCATAGTTAGAGAAGCCATAAAACGTGGCTTGAGAACATTAATCCTGGCTCCCACTAGAGTCGTGGCAGCTGAAATGGAGGAAGCTCTTAGAGGACTTCCAATAAGATACCAAACCCCAGCCATCAGAGCCGAGCACACCGGGCGGGAGATCGTGGACCTAATGTGTCATGCCACATTTACTATGAGGCTGCTATCACCAGTCAGAGTGCCAAATTACAACCTGATCATCATGGACGAAGCCCACTTCACAGACCCAGCAAGTATAGCAGCTAGAGGATACATTTCAACTCGAGTAGAGATGGGTGAAGCAGCTGGGATTTTCATGACAGCCACTCCTCCGGGAAGTAGAGACCCATTTCCTCAGAGCAATGCACCAATCATGGATGAGGAAAGAGAAATCCCTGAGCGTTCGTGGAATTCAGGACATGAATGGGTCACGGATTTTAAAGGGAAGACTGTATGGTTTGTTCCAAGTATAAAAGCAGGAAATGACATAGCAGCTTGTCTTAGGAAAAATGGAAAGAAAGTGATACAACTCAGTAGGAAGACTTTTGACTCTGAGTATGTTAAGACTAGAGCCAATGATTGGGACTTTGTGGTCACAACTGACATTTCAGAAATGGGTGCCAACTTCAAGGCTGAGAGGGTTATAGACCCCAGACGTTGCATGAAACCAGTTATACTAACAGATGGCGAAGAGCGGGTGATCTTGGCAGGACCTATGCCAGTGACCCACTCTAGTGCAGCGCAAAGAAGAGGGAGAATAGGAAGAAATCCAAAAAATGAAAATGACCAGTACATATACATGGGGGAACCTCTGGAAAATGATGAAGACTGTGCACATTGGAAAGAAGCTAAAATGCTTCTAGATAACATCAACACACCTGAAGGAATCATTCCTAGTATGTTCGAACCAGAGCGTGAAAAGGTGGATGCCATTGATGGTGAATACCGTTTGAGAGGAGAAGCAAGGAAAACCTTTGTGGACCTAATGAGAAGAGGGGACTTACCAGTCTGGTTGGCCTACAGAGTGGCAGCTGAAGGCATCAACTACGCAGACAGAAGGTGGTGTTTTGATGGAATTAAGAACAACCAAATACTGGAAGAAAACGTGGAAGTGGAAATCTGGACAAAAGAAGGGGAAAGGAAGAAATTAAAACCCAGATGGTTGGATGCTAGGATCTATTCTGACCCACTGGCACTAAAAGAATTCAAGGAATTTGCAGCTGGAAGAAAATCTTTGACCCTGAACCTAATCACAGAAATGGGTAGGCTTCCAACTTTCATGACTCAGAAGGCAAGAGACGCACTGGACAACTTAGCTGTGCTGCATACGGCTGAGGCAGGTGGAAGGGCGTACAATCATGCTCTCAGTGAACTGCCGGAGACCCTGGAGACACTGCTTTTACTGACACTCCTGGCCACAGTCACAGGAGGAATCTTCTTATTCTTAATGAGCGGAAAAGGTATAGGGAAGATGACCCTGGGAATGTGTTGCATAATCACGGCTAGTATCCTCCTATGGTATGCACAGATACAACCACACTGGATAGCAGCTTCAATAATACTGGAGTTTTTTCTCATAGTTTTGCTCATTCCAGAACCAGAAAAACAGAGAACACCCCAAGACAACCAATTGACCTACGTTGTCATAGCCATCCTCACAGTGGTGGCCGCAACCATGGCAAACGAGATGGGTTTCCTGGAGAAAACCAAGAAAGACCTCGGATTGGGAAGCATTACAACCCAGGAATCTGAGAGCAACATCCTGGACATAGATCTACGTCCTGCATCAGCATGGACGCTGTATGCCGTGGCCACAACATTTGTCACACCAATGTTGAGACATAGCATTGAAAATTCCTCAGTGAATGTCTCCCTAACAGCTATTGCTAACCAAGCCACAGTGCTAATGGGTCTTGGGAAAGGATGGCCATTGTCAAAGATGGACATTGGAGTTCCCCTCCTTGCCATTGGATGCTACTCACAAGTCAACCCTATAACTCTCACAGCAGCTCTTCTTTTATTGGTAGCACATTATGCCATTATAGGGCCAGGACTTCAAGCAAAAGCAACCAGAGAAGCTCAGAAAAGAGCAGCAGCAGGCATCATGAAAAACCCAACAGTCGATGGAATAACAGTGATTGACCTAGAACCAATACCCTATGATCCAAAATTTGAAAAGCAGTTAGGACAAGTAATGCTCCTAATCCTCTGCGTGACTCAAGTATTAATGATGAGGACCACATGGGCTCTGTGTGAGGCTCTAACCCTAGCGACCGGGCCCATCTCCACACTGTGGGAAGGAAATCCAGGGAGGTTTTGGAACACTACCATTGCAGTGTCAATGGCTAACATCTTTAGGGGGAGCTACTTGGCCGGAGCTGGACTTCTCTTTTCCATCATGAAGAACACAACAAACACAAGAAGAGGAACTGGCAACATAGGAGAGACACTTGGAGAAAAATGGAAAAGCCGATTAAACGCACTGGGAAAAAGTGAATTTCAGATCTACAAGAAAAGTGGAATCCAGGAAGTGGATAGAACCTTAGCAAAAGAAGGCATCAAAAGAGGAGAAACGGACCACCACGCTGTGTCGCGAGGCTCAGCAAAACTGAGATGGTTCGTCGAGAGAAATATGGTCACACCAGAAGGGAAGGTGGTGGACCTCGGTTGCGGCAGAGGGGGCTGGTCATACTATTGTGGGGGACTAAAGAATGTAAGAGAAGTCAAAGGCCTGACAAAAGGAGGACCAGGACACGAAGAACCCATCCCCATGTCAACATATGGGTGGAATCTAGTGCGTCTGCAAAGTGGAGTTGACGTTTTCTTCACCCCGCCAGAAAAGTGTGACACATTGTTGTGTGACATAGGGGAGTCGTCACCAAATCCCACGATAGAAGCAGGACGAACACTTAGAGTCCTCAACTTAGTGGAAAATTGGTTGAACAATAACACCCAATTTTGCATAAAGGTTCTCAACCCATATATGCCCTCAGTCATAGAAAAAATGGAAACACTACAAAGGAAATATGGAGGAGCCTTAGTGAGGAATCCACTCTCACGAAACTCCACACATGAGATGTACTGGGTATCCAATGCTACCGGGAACATAGTGTCATCAGTGAACATGATTTCAAGGATGTTGATTAACAGATTCACAATGAAACACAAGAAAGCCACCTACGAGCCAGATGTTGACCTAGGAAGCGGAACCCGCAACATTGGAATTGAAAGTGAGATACCAAATCTAGACATAATAGGAAAGAGAATAGAGAAAATAAAGCAAGAGCATGAAACATCATGGCACTATGACCAAGACCACCCATACAAAACGTGGGCTTATCATGGCAGCTATGAAACAAAACAAACTGGATCAGCATCATCTATGGTGAACGGAGTGGTCAGACTGCTGACAAAACCTTGGGACGTCGTCCCTATGGTGACACAGATGGCAATGACAGACACGACTCCATTTGGACAACAACGCGTTTTCAAAGAGAAAGTGGACACGAGAACCCAAGAACCGAAGGAAGGCACAAAGAAACTGATGAAAATTACGGCAGAGTGGCTTTGGAAAGAACTAGGAAAGAAAAAGACACCTAGGATGTGTACCAGAGAAGAATTTACAAGAAAGGTGAGAAGCAATGCAGCCTTGGGGGCCATATTCACTGATGAGAACAAATGGAAATCGGCACGTGAGGCTGTTGAAGATAGTAGGTTTTGGGAGCTGATTGACAGGGAAAGAAATCTCCATCTTGAAGGAAAGTGTGAAACATGTGTGTACAACATGATGGGAAAAAGAGAGAAGAAACTAGGGGAGTTCGGCAAGGCAAAAGGTAGCAGAGCCATATGGTACATGTGGCTTGGAGCACGCTTCTTAGAGTTTGAAGCCCTAGGATTCTTGAATGAAGATCACTGGTTCTCCAGAGGGAACTCCCTGAGTGGAGTGGAAGGAGAAGGGCTGCACAGGCTAGGCTACATTTTAAGAGACGTGAGCAAGAAGGAAGGGGGAGCAATGTACGCCGATGATACAGCAGGATGGGACACAAGAATCACACTAGAAGACTTAAAAAATGAAGAAATGGTAACAAACCACATGAAAGGAGAACACAAGAAACTAGCCGAGGCCATATTCAAATTAACGTACCAAAACAAGGTGGTGCGTGTGCAAAGACCAACACCAAGAGGCACAGTAATGGATATCATATCGAGAAGAGACCAAAGAGGCAGTGGGCAAGTCGGCACCTACGGCCTTAATACTTTCACCAACATGGAAGCCCAATTAATTAGACAGATGGAGGGAGAAGGAATTTTCAAAAGCATTCAGCACCTGACAGTCACAGAAGAAATCGCTGTACAGAACTGGTTAGCAAGAGTGGGGCGTGAAAGGCTATCAAGAATGGCCATCAGTGGAGATGATTGTGTTGTAAAACCTTTGGATGACAGATTTGCAAGTGCTTTAACAGCTCTAAATGACATGGGAAAAGTTAGGAAAGATATACAACAATGGGAACCTTCAAGAGGATGGAACGATTGGACACAAGTGCCTTTCTGTTCACACCATTTTCATGAGTTAGTCATGAAAGATGGTCGCGTGCTCGTAGTCCCATGCAGAAACCAAGATGAACTGATTGGTAGAGCCCGAATCTCCCAGGGAGCCGGGTGGTCTTTGAAGGAGACGGCCTGTTTGGGGAAGTCTTACGCCCAAATGTGGACCCTGATGTACTTCCACAGACGTGACCTCAGACTGGCGGCAAATGCCATTTGCTCGGCAGTCCCGTCACATTGGGTTCCAACAAGTCGAACAACCTGGTCCATACACGCTAAGCATGAATGGATGACGACGGAAGACATGCTGGCAGTCTGGAATAGGGTGTGGATCCAAGAAAACCCGTGGATGGAAGACAAAACTCCAGTGGAATCATGGGAAGAAGTCCCATACTTGGGGAAGAGAGAAGACCAATGGTGCGGCTCATTGATTGGGCTAACAAGCAGGGCTACCTGGGCAAAGAACATCCAAACAGCAATAAATCAAGTCAGATCCCTTATAGGCAATGAGGAATACACAGACTACATGCCATCCATGAAGAGATTCAGAAGGGAAGAGGAAGAGGCAGGTGTCCTGTGGTAGAAGGCAAAACTAACATGAAACAAGGCTAAAAGTCAGGTCGGATTAAGCCATAGTACGGGAAAAACTATGCTACCTGTGAGCCCCGTCCAAGGACGTTAAAAGAAGTCAGGCCATCACAAATGCCACAGCTTGAGTAAACTGTGCAGCCTGTAGCTCCACCTGAGAAGGTGTAAAAAATCTGGGAGGCCACAAACCATGGAAGCTGTACGCATGGCGTAGTGGACTAGCGGTTAGAGGAGACCCCTCCCTTACAAATCGCAGCAACAACGGGGGCCCAAGGTGAGATGAAGCTGTAGTCTCACTGGAAGGACTAGAGGTTAGAGGAGACCCCCCCAAAACAAAAAACAGCATATTGACGCTGGGAAAGACCAGAGATCCTGCTGTCTCCTCAGCATCATTCCAGGCACAGAACGCCAGAAAATGGAATG</IUPACna></Seq-data_iupacna></Seq-data></Seq-inst_seq-data></Seq-inst></Bioseq_inst><Bioseq_annot><Seq-annot><Seq-annot_data><Seq-annot_data_ftable><Seq-feat><Seq-feat_data><SeqFeatData><SeqFeatData_imp><Imp-feat><Imp-feat_key>5'UTR</Imp-feat_key></Imp-feat></SeqFeatData_imp></SeqFeatData></Seq-feat_data><Seq-feat_comment>indels in UTR have not been validated</Seq-feat_comment><Seq-feat_location><Seq-loc><Seq-loc_int><Seq-interval><Seq-interval_from>0</Seq-interval_from><Seq-interval_to>63</Seq-interval_to><Seq-interval_strand><Na-strand value="plus"></Na-strand></Seq-interval_strand><Seq-interval_id><Seq-id><Seq-id_gi>170665977</Seq-id_gi></Seq-id></Seq-interval_id></Seq-interval></Seq-loc_int></Seq-loc></Seq-feat_location></Seq-feat><Seq-feat><Seq-feat_data><SeqFeatData><SeqFeatData_imp><Imp-feat><Imp-feat_key>3'UTR</Imp-feat_key></Imp-feat></SeqFeatData_imp></SeqFeatData></Seq-feat_data><Seq-feat_comment>indels in UTR have not been validated</Seq-feat_comment><Seq-feat_location><Seq-loc><Seq-loc_int><Seq-interval><Seq-interval_from>10240</Seq-interval_from><Seq-interval_to>10667</Seq-interval_to><Seq-interval_strand><Na-strand value="plus"></Na-strand></Seq-interval_strand><Seq-interval_id><Seq-id><Seq-id_gi>170665977</Seq-id_gi></Seq-id></Seq-interval_id></Seq-interval></Seq-loc_int></Seq-loc></Seq-feat_location></Seq-feat></Seq-annot_data_ftable></Seq-annot_data></Seq-annot><Seq-annot><Seq-annot_desc><Annot-descr><Annotdesc><Annotdesc_name>Phrap Graph</Annotdesc_name></Annotdesc></Annot-descr></Seq-annot_desc><Seq-annot_data><Seq-annot_data_graph><Seq-graph><Seq-graph_title>Phrap Quality</Seq-graph_title><Seq-graph_loc><Seq-loc><Seq-loc_int><Seq-interval><Seq-interval_from>0</Seq-interval_from><Seq-interval_to>10667</Seq-interval_to><Seq-interval_id><Seq-id><Seq-id_gi>170665977</Seq-id_gi></Seq-id></Seq-interval_id></Seq-interval></Seq-loc_int></Seq-loc></Seq-graph_loc><Seq-graph_numval>10668</Seq-graph_numval><Seq-graph_graph><Seq-graph_graph_byte><Byte-graph><Byte-graph_max>100</Byte-graph_max><Byte-graph_min>5</Byte-graph_min><Byte-graph_axis>0</Byte-graph_axis><Byte-graph_values>1A161615091A1A25251D201A27251A0C182E4E4F42454A05475250513A1B34233464383F2F313E60565758545250545C5B595A5B5E636363626261605E636363636363635963634163616363636363636363636363636363636363636363636363636363636363636363636363636363636363636363636363636363636363636363636363636363636363636363636363636363636363636363636363636363636363636363636363636363636363636363636363636363636363636363636363636363636363636363636363636363636363636363636363636363636363636363636363636363636363636363636363636363636363636363636363636363636363636363636363636363636363636363636363636363636363636363636363636363636363636363636363636363636363636363636363636363636363636363636363636363636363636363636363636363636363636363636363636363636363636363636363636363636363636363636363636363636363636363636363636363636363636363636363636363636363636363636363636363636363636363636363636363636363636363636363636363636363636363636363636363636363636363636363636363636363636363636363636363636363636363636363636363636363636363636363636363636363636363636363636363636363636363636363636363636363636363636363636363636363636363636363636363636363636363636363636363636363636363636363636363636363636363636363636363636363636363636363636363636363636363636363636363636363636363636363636363636363636363636363636363636363636363636363636363636363636363636363636363636363636363636363636363636363636363636363636363636363636363636363636363636363636363636363636363636363636363636363636363636363636363636363636363636363636363636363636363636363636363636363636363636363636363636363636363636363636363636363636363636363636363636363636363636363636363636363636363636363636363636363636363636363636363636363636363636363636363636363636363636363636363636363636363636363636363636363636363636363636363636363636363636363636363636363636363636363636363636363636363636363636363636363636363636363636363636363636363636363636363636363636363636363636363636363636363636363636363636363636363636363636363636363636363636363636363636363636363636363636363636363636363636363636363636363636363636363636363636363636363636363636363636363636363636363636363636363636363636363636363636363636363636363636363636363636363636363636363636363636363636363636363636363636363636363636363636363636363636363636363636363636363636363636363636363636363636363636363636363636363636363636363636363636363636363636363636363636363636363636363636363636363636363636363636363636363636363636363636363636363636363636363636363636363636363636363636363636363636363636363636363636363636363636363636363636363636363636363636363636363636363636363636363636363636363636363636363636363636363636363636363636363636363636363636363636363636363636363636363636363636363636363636363636363636363636363636363636363636363636363636363636363636363636363636363636363636363636363636363636363636363636363636363636363636363636363636363636363636363636363636363636363636363636363636363636363636363636363636363636363636363636363636363636363636363636363636363636363636363636363636363636363636363636363636363636363636363636363636363636363636363636363636363636363636363636363636363636363636363636363636363636363636363636363636363636363636363636363636363636363636363636363636363636363636363636363636363636363636363636363636363636363636363636363636363636363636363636363636363636363636363636363636363636363636363636363636363636363636363636363636363636363636363636363636363636363636363636363636363636363636363636363636363636363636363636363636363636363636363636363636363636363636363636363636363636363636363636363636363636363636363636363636363636363636363636363636363636363636363636363636363636363636363636363636363636363636363636363636363636363636363636363636363636363636363636363636363636363636363636363636363636363636363636363636363636363636363636363636363636363636363636363636363636363636363636363636363636363636363636363636363636363636363636363636363636363636363636363636363636363636363636363636363636363636363636363636363636363636363636363636363636363636363636363636363636363636363636363636363636363636363636363636363636363636363636363636363636363636363636363636363636363636363636363636363636363636363636363636363636363636363636363636363636363636363636363636363636363636363636363636363636363636363636363636363636363636363636363636363636363636363636363636363636363636363636363636363636363636363636363636363636363636363636363636363636363636363636363636363636363636363636363636363636363636363636363636363636363636363636363636363636363636363636363636363636363636363636363636363636363636363636363636363636363636363636363636363636363636363636363636363636363636363636363636363636363636363636363636363636363636363636363636363636363636363636363636363636363636363636363636363636363636363636363636363636363636363636363636363636363636363636363636363636363636363636363636363636363636363636363636363636363636363636363636363636363636363636363636363636363636363636363636363636363636363636363636363636363636363636363636363636363636363636363636363636363636363636363636363636363636363636363636363636363636363636363636363636363636363636363636363636363636363636363636363636363636363636363636363636363636363636363636363636363636363636363636363636363636363636363636363636363636363636363636363636363636363636363636363636363636363636363636363636363636363636363636363636363636363636363636363636363636363636363636363636363636363636363636363636363636363636363636363636363636363636363636363636363636363636363636363636363636363636363636363636363636363636363636363636363636363636363636363636363636363636363636363636363636363636363636363636363636363636363636363636363636363636363636363636363636363636363636363636363636363636363636363636363636363636363636363636363636363636363636363636363636363636363636363636363636363636363636363636363636363636363636363636363636363636363636363636363636363636363636363636363636363636363636363636363636363636363636363636363636363636363636363636363636363636363636363636363636363636363636363636363636363636363636363636363636363636363636363636363636363636363636363636363636363636363636363636363636363636363636363636363636363636363636363636363636363636363636363636363636363636363636363636363636363636363636363636363636363636363636363636363636363636363636363636363636363636363636363636363636363636363636363636363636363636363636363636363636363636363636363636363636363636363636363636363636363636363636363636363636363636363636363636363636363636363636363636363636363636363636363636363636363636363636363636363636363636363636363636363636363636363636363636363636363636363636363636363636363636363636363636363636363636363636363636363636363636363636363636363636363636363636363636363636363636363636363636363636363636363636363636363636363636363636363636363636363636363636363636363636363636363636363636363636363636363636363636363636363636363636363636363636363636363636363636363636363636363636363636363636363636363636363636363636363636363636363636363636363636363636363636363636363636363636363636363636363636363636363636363636363636363636363636363636363636363636363636363636363636363636363636363636363636363636363636363636363636363636363636363636363636363636363636363636363636363636363636363636363636346636363636363636363636363636363636363636363636363636363636363636363636363636363636363636363636363636363636363636363636363636363636363636363636363636363636363636363636363636363636363636363636363636363636363636363636363636363636363636363636363636363636363636363636363636363636363636363636363636363636363636363636363636363636363636363636363636363636363636363636363636363636363636363636363636363636363636363636363636363636363636363636363636363636363636363636363636363636363636363636363636363636363636363636363636363636363636363636363636363636363636363636363636363636363636363636363636363636363636363636363636363636363636363636363636363636363636363636363636363636363636363636363636363636363636363636363636363636363636363636363636363636363636363636363636363636363636363636363636363636363636363636363636363636363636363636363636363636363636363636363636363636363636363636363636363636363636363636363636363636363636363636363636363636363636363636363636363636363636363636363636363636363636363636363636363636363636363636363636363636363636363636363636363636363636363636363636363636363636363636363636363636363636363636363636363636363636363636363636363636363636363636363636363636363636363636363636363636363636363636363636363636363636363636363636363636363636363636363636363636363636363636363636363636363636363636363636363636363636363636363636363636363636363636363636363636363636363636363636363636363636363636363636363636363636363636363636363636363636363636363636363636363636363634163636363636363636363636363636363636363636363636363636363636363636363636363636363636363636363636363636363636363636363636363636363636363636363636363636363636363636363636363636363636363636363636363636363636363636363636363636363636363636363636363636363636363636363636363636363636363636363636363636363636363636363636363636363636363636363636363636363636363636363636363636363636363636363636363636363636363636363636363636363636363636363636363636363636363636363636363636363636363636363636363636363636363636363636363636363636363636363636363636363636363636363636363636363636363636363636363636363636363636363636363636363636363636363636363636363636363636363636363636363636363636363636363636363636363636363636363636363636363636363636363636363636363636363636363636363636363636363636363636363636363636363636363636363636363636363636363636363636363636363636363636363636363636363636363636363636363636363636363636363636363636363636363636363636363636363636363636363636363636363636363636363636363636363636363636363636363636363636363636363636363636363636363636363636363636363636363636363636363636363636363636363636363636363636363636363636363636363636363636363636363636363636363636363636363636363636363636363636363636363636363636363636363636363636363636363636363636363636363636363636363636363636363636363636363636363636363636363636363636363636363636363636363636363636363636363636363636363636363636363636363636363636363636363636363636363636363636363636363636363636363636363636363636363636363636363636363636363636363636363636363636363636363636363636363636363636363636363636363636363636363636363636363636363636363636363636363636363636363636363636363636363636363636363636363636363636363636363636363636363636363636363636363636363636363636363636363636363636363636363636363636363636363636363636363636363636363636363636363636363636363636363636363636363636363636363636363636363636363636363636363636363636363636363636363636363636363636363636363636363636363636363636363636363636363636363636363636363636363636363636363636363636363636363636363636363636363636363636363636363636363636363636363636363636363636363636363636363636363636363636363636363636363636363636363636363636363636363636363636363636363636363636363636363636363636363636363636363636363636363636363636363636363636363636363636363636363636363636363636363636363636363636363636363636363636363636363636363636363636363636363636363636363636363636363636363636363636363636363636363636363636363636363636363636363636363636363636363636363636363636363636363636363636363636363636363636363636363636363636363636363636363636363636363636363636363636363636363636363636363636363636363636363636363636363636363636363636363636363636363636363636363636363636363636363636363636363636363636363636363636363636363636363636363636363636363636363636363636363636363636363636363636363636363636363636363636363636363636363636363636363636363636363636363636363636363636363636363636363636363636363636363636363636363636363636363636363636363636363636363636363636363636363636363636363636363636363636363636363636363636363636363636363636363636363636363636363636363636363636363636363636363636363636363636363636363636363636363636363636363636363636363636363636363636363636363636363636363636363636363636363636363636363636363636363636363636363636363636363636363636363636363636363636363636363636363636363636363636363636363636363636363636363636363636363636363636363636363636363636363636363636363636363636363636363636363636363636363636363636363636363636363636363636363636363636363636363636363636363636363636363636363636363636363636363636363636363636363636363636363636363636363636363636363636363636363636363636363636363636363636363636363636363636363636363636363636363636363636363636363636363636363636363636363636363636363636363636363636363636363636363636363636363636363636363636363636363636363636363636363636363636363636363636363636363636363636363636363636363636363636363636363636363636363636363636363636363636363636363636363636363636363636363636363636363636363636363636363636363636363636363636363636363636363636363636363636363636363636363636363636363636363636363636363636363636363636363636363636363636363636363636363636363636363636363636363636363636363636363636363636363636363636363636363636363636363636363636363636363636363636363636363636363636363636363636363636363636363636363636363636363636363636363636363636363636363636363636363636363636363636363636363636363636363636363636363636363636363636363636363636363636363636363636363636363636363636363636363636363636363636363636363636363636363636363636363636363636363636363636363636363636363636363636363636363636363636363636363636363636363636363636363636363636363636363636363636363636363636363636363636363636363636363636363636363636363636363636363636363636363636363636363636363636363636363636363636363636363636363636363636363636363636363636363636363636363636363636363636363636363636363636363636363636363636363636363636363636363636363636363636363636363636363636363636363636363636363636363636363636363636363636363636363636363636363636363636363636363636363636363636363636363636363636363636363636363636363636363636363636363636363636363636363636363636363636363636363636363636363636363636363636363636363636363636363636363636363636363636363636363636363636363636363636363636363636363636363636363636363636363636363636363636363636363636363636363636363636363636363636363636363636363636363636363636363636363636363636363636363636363636363636363636363636363636363636363636363636363636363636363636363636363636363636363636363636363636363636363636363636363636363636363636363636363636363636363636363636363636363636363636363636363636363636363636363636363636363636363636363636363636363636363636363636363636363636363636363636363636363636363636363636363636363636363636363636363636363636363636363636363636363636363636363636363636363636363636363636363636363636363636363636363636363636363636363636363636363636363636363636363636363636363636363636363636363636363636363636363636363636363636363636363636363636363636363636363636363636363636363636363636363636363636363636363636363636363636363636363636363636363636363636363636363636363636363636363636363636363636363636363636363636363636363636363636363636363636363636363636363636363636363636363636363636363636363636363636363636363636363636363636363636363636363636363636363636363636363636363636363636363636363636363636363636363636363636363636363636363636363636363636363636363636363636363636363636363636363636363636363636363636363636363636363636363636363636363636363636363636363636363636363636363636363636363636363636363636363636363636363636363636363636363636363636363636363636363636363636363636363636363636363636363636363636363636363636363636363636363636363636363636363636363636363636363636363636363636363636363636363636363636363636363636363636363636363636363636363636363636363636363636363636363636363636363636363636363636363636363636363636363636363636363636363636363636363636363636363636363636363636363636363636363636363636363636363636363636363636363636363636363636363636363636363636363636363636363636363636363636363636363636363636363636363636363636363636363636363636363636363636363636363636363636363636363636363636363636363636363636363636363636363636363636363636363636363636363636363636363636363636363636363636363636363636363636363636363636363636363636363636363636363636363636363636363636363636363636363636363636363636363636363636363636363636363636363636363636363636363636363636363636363636363636363636363636363636363636363636363636363636363636363636363636363636363636363636363636363636363636363636363636363636363636363636363636363636363636363636363636363636363636363636363636363636363636363636363636363636363636363636363636363636363636363636363636363636363636363636363636363636363636363636363636363636363636363636363636363636363636363636363636363636363636363636363636363636363636363636363636363636363636363636363636363636363636363636363636363636363636363635E60606363636363636363636363636363534F4D4F4B4F56554F4D4146414F5351525350554B4B5054545B5B606063636361565451626062635D5E5763605B5D6363605D62636363636363636363636363636363636363636363636363636363636363636363636363636363636363636363636360636363636363636363636363636363636363636363636363636363636363636363635D636163636363636363636363636363636363636363636363636363636363636363636363636363636363636363636363636363636363636363636363636363636363636363636363636363636363636363636363636363636363636363636363636363636363636363636363635B5925635629151720464D305B275C473E4F290D4F4A5F632A42433433375E63635A5A63635261636363596363634E5A420E5A6363454B63636363636363636363575F626363636363636363636363636363606363636363636360636363636363636363636363636363636363636363636363636363634F6363636363606363636363636363636363636355506363636363636363636363636363636363636363636363636363636363636363636363636363636363636363636363636363636363636363636363636363636363636363636363636363636363636363636363636363636363636363636363636363636363636363636363636363636363636363636363636363636363636363636363636363636363636363636363636363636363636363636363636363636363636363636363636363636363636363636363636363636363636363636363636363636363636363636363636363636363636363636363636363636363636363636363636363636363636363636363636363636363636363636363636363636363636363636363636363636363636363636363636363636363636363636363636363636363636363636363636363636363636363636363636363636363636363636363636363636363636363636363636363636363636363636363636363636363636363636363636363636363636363636363636363636363636363636363636363636363636363636363636363636363636363636363636363636363636363636363636363636363636363636363636363636363636363636363636363636363636363636363636363636363636363636363636363636363636363636363636363636363636363636363636363636363636363636363636363636363636363636363636363636363636363636363636363636363636363636363636363636363636363636363636363636363636363636363636363636363636363636363636363636363636363636363636363636363636363636363636363636363636363636363636363636363636363636363636363636363636363636363636363636363636363636363636363636363636363636363636363636363636363636363636363636363636363636363636363636363636363636363636363636363636363636363636363636363636363636363636363636363636363636363636363636363636363636363636363636363636363636363636363636363636363636363636363636363636363636363636363636363636363636363636363636363636363636363636363636363636363636363636363636363636363636363636363636363636363636363636363636363636363636363636363636363636363636363636363636363636363636363636363636363636363636363636363636363636363636363636363636363636363636363636363636363636363636363636363636363636363636363636363636363636363636363636363636363636363636363636363636363636363636363636363636363636363636363636363636363636363636363636363636363636363636363636363636363636363636363636363636363636363636363636363636363636363636363636363636363636363636363636363636363636363636363636363636363636363636363636363636363636363636363636363636363636363636363636363636363636363636363636363636363636363636363636363636363636363636363636363636363636363636363636363636363636363636363636363636363636363636363636363636363636363636363636363636363636363636363636363636363636363636363636363636363636363636363636363636363636363636363636363636363636363636363636363636363636363636363636363636363636363636363636363636363636363636363636363636363636363636363636363636363636363636363636363636363636363636363636363636363636363636363636363636363636363636363636363636363636363636363636363636363636363636363636363636363636363636363636363636363636363636363636363636363636363636363636363636363636363636363636363636363636363636363636363636363636363636363636363636363636363636363636363636363636363636363636363636363636363636363636363636363636363636363636363636363636363636363636363636363636363636363636363636363636363636363636363636363636363636363636363636363636363636363636363636363636363636363636363636363636363636363636363636363636363636363636363636363636363636363636363636363636363636363636363636363636363636363636363636363636363636363636363636363636363636363636363636363636363636363636363636363636363636363636363636363636363636363636363636363636363636363636363636363636363636363636363636363636363636363636363636363636363636363636363636363636363636363636363636363636363636363636363636363636363636363636363636363636363636363636363636363636363636363636363636363636363636363636363636363636363636363636363636363636363636363636363636363636363636363636363636363636363636363636363636363636363636363636363636363636363636363636363636363636363636363636363636363636363636363636363636363636363636363636363636363636363636363636363636363636363636363636363636363636363636363636363636363636363636363636363636363636363636363636363636363636363636363636363636363636363636363636363636363636363636363636363636363636363636363636363636363636363636363636363636363636363636363636363636363636363636363636363636363636363636363636363636363636363636363636363636363636363636363636363636363636163636363636363636363635F626263636363636363636363633763464940</Byte-graph_values></Byte-graph></Seq-graph_graph_byte></Seq-graph_graph></Seq-graph></Seq-annot_data_graph></Seq-annot_data></Seq-annot></Bioseq_annot></Bioseq></Seq-entry_seq></Seq-entry><Seq-entry><Seq-entry_seq><Bioseq><Bioseq_id><Seq-id><Seq-id_genbank><Textseq-id><Textseq-id_accession>ACB29512</Textseq-id_accession><Textseq-id_version>1</Textseq-id_version></Textseq-id></Seq-id_genbank></Seq-id><Seq-id><Seq-id_gi>170665978</Seq-id_gi></Seq-id></Bioseq_id><Bioseq_descr><Seq-descr><Seqdesc><Seqdesc_title>polyprotein [Dengue virus 2]</Seqdesc_title></Seqdesc><Seqdesc><Seqdesc_molinfo><MolInfo><MolInfo_biomol value="peptide">8</MolInfo_biomol><MolInfo_tech value="concept-trans">8</MolInfo_tech></MolInfo></Seqdesc_molinfo></Seqdesc><Seqdesc><Seqdesc_create-date><Date><Date_std><Date-std><Date-std_year>2008</Date-std_year><Date-std_month>3</Date-std_month><Date-std_day>26</Date-std_day></Date-std></Date_std></Date></Seqdesc_create-date></Seqdesc></Seq-descr></Bioseq_descr><Bioseq_inst><Seq-inst><Seq-inst_repr value="raw"></Seq-inst_repr><Seq-inst_mol value="aa"></Seq-inst_mol><Seq-inst_length>3391</Seq-inst_length><Seq-inst_seq-data><Seq-data><Seq-data_iupacaa><IUPACaa>MNNQRKKARSTPFNMLKRERNRVSTVQQLTKRFSLGMLQGRGPLKLFMALVAFLRFLTIPPTAGILKRWGTIKKSKAINVLRGFRKEIGRMLNILNRRRRTAGVIIMLIPTAMAFHLTTRNGEPHMIVGRQEKGKSLLFKTEDGVNMCTLMAIDLGELCEDTITYKCPLLRQNEPEDIDCWCNSTSTWVTYGTCTTTGEHRREKRSVALVPHVGMGLETRTETWMSSEGAWKHVQRIETWILRHPGFTIMAAILAYTIGTTHFQRALIFILLTAVAPSMTMRCIGISNRDFVEGVSGGSWVDIVLEHGSCVTTMAKNKPTLDFELIKTEAKQPATLRKYCIEAKLTNTTTESRCPTQGEPSLNEEQDKRFLCKHSMVDRGWGNGCGLFGKGGIVTCAMFTCKKNMEGKVVLPENLEYTIVITPHSGEEHAVGNDTGKHGKEIKITPQSSITEAELTGYGTVTMECSPRTGLDFNEMVLLQMEDKAWLVHRQWFLDLPLPWLPGADTQGSNWIQKETLVTFKNPHAKKQDVVVLGSQEGAMHTALTGATEIQMSSGNLLFTGHLKCRLRMDKLQLKGMSYSMCTGKFKIVKEIAETQHGTIVIRVQYEGDGSPCKIPFEIMDLEKRHVLGRLITVNPIVTEKDSPVNIEAEPPFGDSYIIIGVEPGQLKLNWFKKGSSIGQMFETTMRGAKRMAILGDTAWDFGSLGGVFTSIGKALHQVFGAIYGAAFSGVSWTMKILIGVIITWIGMNSRSTSLSVSLVLVGVVTLYLGAMVQADSGCVVSWKNKELKCGSGIFITDNVHTWTEQYKFQPESPSKLASAIQKAHEEGICGIRSVTRLENLMWKQITPELNHILSENEVKLTIMTGDIKGIMQAGKRSLRPQPTELKYSWKTWGKAKMLSTESHNQTFLIDGPETAECPNTNRAWNSLEVEDYGFGVFTTNIWLKLREKQDVFCDSKLMSAAIKDNRAVHADMGYWIESALNDTWKMEKASFIEVKSCHWPKSHTLWSNGVLESEMIIPKNFAGPVSQHNYRPGYHTQTAGPWHLGKLEMDFDFCEGTTVVVTEDCGNRGPSLRTTTASGKLITEWCCRSCTLPPLRYRGEDGCWYGMEIRPLKEKEENLVNSLVTAGHGQIDNFSLGILGMALFLEEMLRTRVGTKHAILLVAVSFVTLITGNMSFRDLGRVMVMVGATMTDDIGMGVTYLALLAAFKVRPTFAAGLLLRKLTSKELMMATIGIALLSQSTIPETILELTDALALGMMVLKIVRNMEKYQLAVTIMAISCVPNAVILQNAWKVSCTILAAVSVSPLLLTSSQQKADWIPLALTIKGLNPTAIFLTTLSRTSKKRSWPLNEAIMAVGMVSILASSLLKNDIPMTGPLVAGGLLTVCYVLTGRSADLELERAADVKWEDQAEISGSSPILSITISEDGSMSIKNEEEEQTLTILIRTGLLVISGVFPVSIPITAAAWYLWEVKKQRAGVLWDVPSPPPVGKAELEDGAYRIKQRGILGYSQIGAGVYKEGTFHTMWHVTRGAVLMHRGKRIEPSWADVKKDLISYGGGWKLEGEWKEGEEVQVLALEPGKNPRAVQTKPGLFKTNTGTIGAVSLDFSPGTSGSPIVDRKGKVVGLYGNGVVTRSGAYVSAIAQTEKSIEDNPEIEDDIFRKKRLTIMDLHPGAGKTKRYLPAIVREAIKRGLRTLILAPTRVVAAEMEEALRGLPIRYQTPAIRAEHTGREIVDLMCHATFTMRLLSPVRVPNYNLIIMDEAHFTDPASIAARGYISTRVEMGEAAGIFMTATPPGSRDPFPQSNAPIMDEEREIPERSWNSGHEWVTDFKGKTVWFVPSIKAGNDIAACLRKNGKKVIQLSRKTFDSEYVKTRANDWDFVVTTDISEMGANFKAERVIDPRRCMKPVILTDGEERVILAGPMPVTHSSAAQRRGRIGRNPKNENDQYIYMGEPLENDEDCAHWKEAKMLLDNINTPEGIIPSMFEPEREKVDAIDGEYRLRGEARKTFVDLMRRGDLPVWLAYRVAAEGINYADRRWCFDGIKNNQILEENVEVEIWTKEGERKKLKPRWLDARIYSDPLALKEFKEFAAGRKSLTLNLITEMGRLPTFMTQKARDALDNLAVLHTAEAGGRAYNHALSELPETLETLLLLTLLATVTGGIFLFLMSGKGIGKMTLGMCCIITASILLWYAQIQPHWIAASIILEFFLIVLLIPEPEKQRTPQDNQLTYVVIAILTVVAATMANEMGFLEKTKKDLGLGSITTQESESNILDIDLRPASAWTLYAVATTFVTPMLRHSIENSSVNVSLTAIANQATVLMGLGKGWPLSKMDIGVPLLAIGCYSQVNPITLTAALLLLVAHYAIIGPGLQAKATREAQKRAAAGIMKNPTVDGITVIDLEPIPYDPKFEKQLGQVMLLILCVTQVLMMRTTWALCEALTLATGPISTLWEGNPGRFWNTTIAVSMANIFRGSYLAGAGLLFSIMKNTTNTRRGTGNIGETLGEKWKSRLNALGKSEFQIYKKSGIQEVDRTLAKEGIKRGETDHHAVSRGSAKLRWFVERNMVTPEGKVVDLGCGRGGWSYYCGGLKNVREVKGLTKGGPGHEEPIPMSTYGWNLVRLQSGVDVFFTPPEKCDTLLCDIGESSPNPTIEAGRTLRVLNLVENWLNNNTQFCIKVLNPYMPSVIEKMETLQRKYGGALVRNPLSRNSTHEMYWVSNATGNIVSSVNMISRMLINRFTMKHKKATYEPDVDLGSGTRNIGIESEIPNLDIIGKRIEKIKQEHETSWHYDQDHPYKTWAYHGSYETKQTGSASSMVNGVVRLLTKPWDVVPMVTQMAMTDTTPFGQQRVFKEKVDTRTQEPKEGTKKLMKITAEWLWKELGKKKTPRMCTREEFTRKVRSNAALGAIFTDENKWKSAREAVEDSRFWELIDRERNLHLEGKCETCVYNMMGKREKKLGEFGKAKGSRAIWYMWLGARFLEFEALGFLNEDHWFSRGNSLSGVEGEGLHRLGYILRDVSKKEGGAMYADDTAGWDTRITLEDLKNEEMVTNHMKGEHKKLAEAIFKLTYQNKVVRVQRPTPRGTVMDIISRRDQRGSGQVGTYGLNTFTNMEAQLIRQMEGEGIFKSIQHLTVTEEIAVQNWLARVGRERLSRMAISGDDCVVKPLDDRFASALTALNDMGKVRKDIQQWEPSRGWNDWTQVPFCSHHFHELVMKDGRVLVVPCRNQDELIGRARISQGAGWSLKETACLGKSYAQMWTLMYFHRRDLRLAANAICSAVPSHWVPTSRTTWSIHAKHEWMTTEDMLAVWNRVWIQENPWMEDKTPVESWEEVPYLGKREDQWCGSLIGLTSRATWAKNIQTAINQVRSLIGNEEYTDYMPSMKRFRREEEEAGVLW</IUPACaa></Seq-data_iupacaa></Seq-data></Seq-inst_seq-data></Seq-inst></Bioseq_inst><Bioseq_annot><Seq-annot><Seq-annot_data><Seq-annot_data_ftable><Seq-feat><Seq-feat_data><SeqFeatData><SeqFeatData_prot><Prot-ref><Prot-ref_name><Prot-ref_name_E>polyprotein</Prot-ref_name_E></Prot-ref_name></Prot-ref></SeqFeatData_prot></SeqFeatData></Seq-feat_data><Seq-feat_location><Seq-loc><Seq-loc_int><Seq-interval><Seq-interval_from>0</Seq-interval_from><Seq-interval_to>3390</Seq-interval_to><Seq-interval_id><Seq-id><Seq-id_gi>170665978</Seq-id_gi></Seq-id></Seq-interval_id></Seq-interval></Seq-loc_int></Seq-loc></Seq-feat_location></Seq-feat><Seq-feat><Seq-feat_data><SeqFeatData><SeqFeatData_prot><Prot-ref><Prot-ref_name><Prot-ref_name_E>capsid protein</Prot-ref_name_E></Prot-ref_name><Prot-ref_processed value="mature"></Prot-ref_processed></Prot-ref></SeqFeatData_prot></SeqFeatData></Seq-feat_data><Seq-feat_location><Seq-loc><Seq-loc_int><Seq-interval><Seq-interval_from>0</Seq-interval_from><Seq-interval_to>99</Seq-interval_to><Seq-interval_id><Seq-id><Seq-id_gi>170665978</Seq-id_gi></Seq-id></Seq-interval_id></Seq-interval></Seq-loc_int></Seq-loc></Seq-feat_location></Seq-feat><Seq-feat><Seq-feat_data><SeqFeatData><SeqFeatData_prot><Prot-ref><Prot-ref_name><Prot-ref_name_E>anchored capsid protein</Prot-ref_name_E></Prot-ref_name><Prot-ref_processed value="mature"></Prot-ref_processed></Prot-ref></SeqFeatData_prot></SeqFeatData></Seq-feat_data><Seq-feat_location><Seq-loc><Seq-loc_int><Seq-interval><Seq-interval_from>0</Seq-interval_from><Seq-interval_to>113</Seq-interval_to><Seq-interval_id><Seq-id><Seq-id_gi>170665978</Seq-id_gi></Seq-id></Seq-interval_id></Seq-interval></Seq-loc_int></Seq-loc></Seq-feat_location></Seq-feat><Seq-feat><Seq-feat_data><SeqFeatData><SeqFeatData_prot><Prot-ref><Prot-ref_name><Prot-ref_name_E>membrane glycoprotein precursor</Prot-ref_name_E></Prot-ref_name><Prot-ref_processed value="mature"></Prot-ref_processed></Prot-ref></SeqFeatData_prot></SeqFeatData></Seq-feat_data><Seq-feat_location><Seq-loc><Seq-loc_int><Seq-interval><Seq-interval_from>114</Seq-interval_from><Seq-interval_to>279</Seq-interval_to><Seq-interval_id><Seq-id><Seq-id_gi>170665978</Seq-id_gi></Seq-id></Seq-interval_id></Seq-interval></Seq-loc_int></Seq-loc></Seq-feat_location></Seq-feat><Seq-feat><Seq-feat_data><SeqFeatData><SeqFeatData_prot><Prot-ref><Prot-ref_name><Prot-ref_name_E>membrane glycoprotein</Prot-ref_name_E></Prot-ref_name><Prot-ref_processed value="mature"></Prot-ref_processed></Prot-ref></SeqFeatData_prot></SeqFeatData></Seq-feat_data><Seq-feat_location><Seq-loc><Seq-loc_int><Seq-interval><Seq-interval_from>205</Seq-interval_from><Seq-interval_to>279</Seq-interval_to><Seq-interval_id><Seq-id><Seq-id_gi>170665978</Seq-id_gi></Seq-id></Seq-interval_id></Seq-interval></Seq-loc_int></Seq-loc></Seq-feat_location></Seq-feat><Seq-feat><Seq-feat_data><SeqFeatData><SeqFeatData_prot><Prot-ref><Prot-ref_name><Prot-ref_name_E>envelope protein</Prot-ref_name_E></Prot-ref_name><Prot-ref_processed value="mature"></Prot-ref_processed></Prot-ref></SeqFeatData_prot></SeqFeatData></Seq-feat_data><Seq-feat_location><Seq-loc><Seq-loc_int><Seq-interval><Seq-interval_from>280</Seq-interval_from><Seq-interval_to>774</Seq-interval_to><Seq-interval_id><Seq-id><Seq-id_gi>170665978</Seq-id_gi></Seq-id></Seq-interval_id></Seq-interval></Seq-loc_int></Seq-loc></Seq-feat_location></Seq-feat><Seq-feat><Seq-feat_data><SeqFeatData><SeqFeatData_prot><Prot-ref><Prot-ref_name><Prot-ref_name_E>nonstructural protein NS1</Prot-ref_name_E></Prot-ref_name><Prot-ref_processed value="mature"></Prot-ref_processed></Prot-ref></SeqFeatData_prot></SeqFeatData></Seq-feat_data><Seq-feat_location><Seq-loc><Seq-loc_int><Seq-interval><Seq-interval_from>775</Seq-interval_from><Seq-interval_to>1126</Seq-interval_to><Seq-interval_id><Seq-id><Seq-id_gi>170665978</Seq-id_gi></Seq-id></Seq-interval_id></Seq-interval></Seq-loc_int></Seq-loc></Seq-feat_location></Seq-feat><Seq-feat><Seq-feat_data><SeqFeatData><SeqFeatData_prot><Prot-ref><Prot-ref_name><Prot-ref_name_E>nonstructural protein NS2A</Prot-ref_name_E></Prot-ref_name><Prot-ref_processed value="mature"></Prot-ref_processed></Prot-ref></SeqFeatData_prot></SeqFeatData></Seq-feat_data><Seq-feat_location><Seq-loc><Seq-loc_int><Seq-interval><Seq-interval_from>1127</Seq-interval_from><Seq-interval_to>1344</Seq-interval_to><Seq-interval_id><Seq-id><Seq-id_gi>170665978</Seq-id_gi></Seq-id></Seq-interval_id></Seq-interval></Seq-loc_int></Seq-loc></Seq-feat_location></Seq-feat><Seq-feat><Seq-feat_data><SeqFeatData><SeqFeatData_prot><Prot-ref><Prot-ref_name><Prot-ref_name_E>nonstructural protein NS2B</Prot-ref_name_E></Prot-ref_name><Prot-ref_processed value="mature"></Prot-ref_processed></Prot-ref></SeqFeatData_prot></SeqFeatData></Seq-feat_data><Seq-feat_location><Seq-loc><Seq-loc_int><Seq-interval><Seq-interval_from>1345</Seq-interval_from><Seq-interval_to>1474</Seq-interval_to><Seq-interval_id><Seq-id><Seq-id_gi>170665978</Seq-id_gi></Seq-id></Seq-interval_id></Seq-interval></Seq-loc_int></Seq-loc></Seq-feat_location></Seq-feat><Seq-feat><Seq-feat_data><SeqFeatData><SeqFeatData_prot><Prot-ref><Prot-ref_name><Prot-ref_name_E>nonstructural protein NS3</Prot-ref_name_E></Prot-ref_name><Prot-ref_processed value="mature"></Prot-ref_processed></Prot-ref></SeqFeatData_prot></SeqFeatData></Seq-feat_data><Seq-feat_location><Seq-loc><Seq-loc_int><Seq-interval><Seq-interval_from>1475</Seq-interval_from><Seq-interval_to>2092</Seq-interval_to><Seq-interval_id><Seq-id><Seq-id_gi>170665978</Seq-id_gi></Seq-id></Seq-interval_id></Seq-interval></Seq-loc_int></Seq-loc></Seq-feat_location></Seq-feat><Seq-feat><Seq-feat_data><SeqFeatData><SeqFeatData_prot><Prot-ref><Prot-ref_name><Prot-ref_name_E>nonstructural protein NS4A</Prot-ref_name_E></Prot-ref_name><Prot-ref_processed value="mature"></Prot-ref_processed></Prot-ref></SeqFeatData_prot></SeqFeatData></Seq-feat_data><Seq-feat_location><Seq-loc><Seq-loc_int><Seq-interval><Seq-interval_from>2093</Seq-interval_from><Seq-interval_to>2219</Seq-interval_to><Seq-interval_id><Seq-id><Seq-id_gi>170665978</Seq-id_gi></Seq-id></Seq-interval_id></Seq-interval></Seq-loc_int></Seq-loc></Seq-feat_location></Seq-feat><Seq-feat><Seq-feat_data><SeqFeatData><SeqFeatData_prot><Prot-ref><Prot-ref_name><Prot-ref_name_E>2K peptide</Prot-ref_name_E></Prot-ref_name><Prot-ref_processed value="mature"></Prot-ref_processed></Prot-ref></SeqFeatData_prot></SeqFeatData></Seq-feat_data><Seq-feat_comment>short protein</Seq-feat_comment><Seq-feat_location><Seq-loc><Seq-loc_int><Seq-interval><Seq-interval_from>2220</Seq-interval_from><Seq-interval_to>2242</Seq-interval_to><Seq-interval_id><Seq-id><Seq-id_gi>170665978</Seq-id_gi></Seq-id></Seq-interval_id></Seq-interval></Seq-loc_int></Seq-loc></Seq-feat_location></Seq-feat><Seq-feat><Seq-feat_data><SeqFeatData><SeqFeatData_prot><Prot-ref><Prot-ref_name><Prot-ref_name_E>nonstructural protein NS4B</Prot-ref_name_E></Prot-ref_name><Prot-ref_processed value="mature"></Prot-ref_processed></Prot-ref></SeqFeatData_prot></SeqFeatData></Seq-feat_data><Seq-feat_location><Seq-loc><Seq-loc_int><Seq-interval><Seq-interval_from>2243</Seq-interval_from><Seq-interval_to>2490</Seq-interval_to><Seq-interval_id><Seq-id><Seq-id_gi>170665978</Seq-id_gi></Seq-id></Seq-interval_id></Seq-interval></Seq-loc_int></Seq-loc></Seq-feat_location></Seq-feat><Seq-feat><Seq-feat_data><SeqFeatData><SeqFeatData_prot><Prot-ref><Prot-ref_name><Prot-ref_name_E>nonstructural protein NS5</Prot-ref_name_E></Prot-ref_name><Prot-ref_processed value="mature"></Prot-ref_processed></Prot-ref></SeqFeatData_prot></SeqFeatData></Seq-feat_data><Seq-feat_location><Seq-loc><Seq-loc_int><Seq-interval><Seq-interval_from>2491</Seq-interval_from><Seq-interval_to>3390</Seq-interval_to><Seq-interval_id><Seq-id><Seq-id_gi>170665978</Seq-id_gi></Seq-id></Seq-interval_id></Seq-interval></Seq-loc_int></Seq-loc></Seq-feat_location></Seq-feat></Seq-annot_data_ftable></Seq-annot_data></Seq-annot></Bioseq_annot></Bioseq></Seq-entry_seq></Seq-entry></Bioseq-set_seq-set><Bioseq-set_annot><Seq-annot><Seq-annot_data><Seq-annot_data_ftable><Seq-feat><Seq-feat_data><SeqFeatData><SeqFeatData_cdregion><Cdregion><Cdregion_frame value="one"></Cdregion_frame><Cdregion_code><Genetic-code><Genetic-code_E><Genetic-code_E_id>1</Genetic-code_E_id></Genetic-code_E></Genetic-code></Cdregion_code></Cdregion></SeqFeatData_cdregion></SeqFeatData></Seq-feat_data><Seq-feat_product><Seq-loc><Seq-loc_whole><Seq-id><Seq-id_gi>170665978</Seq-id_gi></Seq-id></Seq-loc_whole></Seq-loc></Seq-feat_product><Seq-feat_location><Seq-loc><Seq-loc_int><Seq-interval><Seq-interval_from>64</Seq-interval_from><Seq-interval_to>10239</Seq-interval_to><Seq-interval_strand><Na-strand value="plus"></Na-strand></Seq-interval_strand><Seq-interval_id><Seq-id><Seq-id_gi>170665977</Seq-id_gi></Seq-id></Seq-interval_id></Seq-interval></Seq-loc_int></Seq-loc></Seq-feat_location></Seq-feat></Seq-annot_data_ftable></Seq-annot_data></Seq-annot></Bioseq-set_annot></Bioseq-set></Seq-entry_set></Seq-entry></Bioseq-set_seq-set></Bioseq-set>